// Jest Snapshot v1, https://goo.gl/fbAQLP

exports[`DmaArchive resolve works 1`] = `
Object {
  "id": "ebb941ae-419e-4848-8664-57597ddb214e",
  "source": Object {
    "codec": "dag-pb",
    "hash": Object {
      "data": Array [
        18,
        32,
        26,
        46,
        122,
        85,
        42,
        12,
        74,
        209,
        84,
        253,
        49,
        89,
        5,
        33,
        29,
        170,
        81,
        241,
        172,
        244,
        68,
        30,
        234,
        69,
        153,
        233,
        192,
        215,
        165,
        228,
        102,
        93,
      ],
      "type": "Buffer",
    },
    "version": 1,
  },
}
`;
