// Jest Snapshot v1, https://goo.gl/fbAQLP

exports[`DmaStore init works 1`] = `
Object {
  "media": Object {
    "codec": "dag-cbor",
    "hash": Object {
      "data": Array [
        20,
        64,
        112,
        72,
        79,
        96,
        233,
        165,
        80,
        68,
        120,
        155,
        221,
        18,
        138,
        251,
        38,
        224,
        177,
        44,
        145,
        11,
        13,
        35,
        157,
        20,
        97,
        128,
        228,
        198,
        228,
        87,
        99,
        116,
        64,
        201,
        42,
        24,
        3,
        63,
        238,
        85,
        238,
        184,
        20,
        170,
        121,
        99,
        37,
        0,
        207,
        59,
        218,
        85,
        157,
        151,
        208,
        78,
        103,
        136,
        74,
        179,
        136,
        8,
        19,
        148,
      ],
      "type": "Buffer",
    },
    "version": 1,
  },
  "name": "DmaStore",
  "version": 1,
}
`;

exports[`DmaStore read works 1`] = `
Object {
  "id": "5c14df51-3d66-4389-849f-92aa04ffff61",
  "source": Object {
    "codec": "dag-pb",
    "hash": Object {
      "data": Array [
        18,
        32,
        97,
        107,
        140,
        218,
        121,
        181,
        174,
        179,
        241,
        177,
        147,
        132,
        31,
        9,
        135,
        159,
        192,
        60,
        61,
        173,
        200,
        132,
        162,
        226,
        128,
        119,
        153,
        141,
        252,
        5,
        97,
        162,
      ],
      "type": "Buffer",
    },
    "version": 1,
  },
}
`;
